// Jest Snapshot v1, https://goo.gl/fbAQLP

exports[`leading & trailing authentication is not registered by default 1`] = `"express app has no passport Authenticator on the \\"passport\\" setting. Has the passportInitialiseComponent been registered?"`;
